<html>
<body>
<pre>
<h1>µVision Build Log</h1>
<h2>Tool Versions:</h2>
IDE-Version: µVision V5.24.2.0
Copyright (C) 2017 ARM Ltd and ARM Germany GmbH. All rights reserved.
License Information: Adrian N, AGH, LIC=----
 
Tool Versions:
Toolchain:       MDK-Lite  Version: 5.24.1
Toolchain Path:  C:\Keil_v5\ARM\ARMCC\Bin
C Compiler:      Armcc.exe V5.06 update 5 (build 528)
Assembler:       Armasm.exe V5.06 update 5 (build 528)
Linker/Locator:  ArmLink.exe V5.06 update 5 (build 528)
Library Manager: ArmAr.exe V5.06 update 5 (build 528)
Hex Converter:   FromElf.exe V5.06 update 5 (build 528)
CPU DLL:         SARMCM3.DLL V5.24.1
Dialog DLL:      DCM.DLL V1.16.0.0
Target DLL:      STLink\ST-LINKIII-KEIL_SWO.dll V3.0.1.0
Dialog DLL:      TCM.DLL V1.32.0.0
 
<h2>Project:</h2>
D:\AGH\Semestr_7\Inzynierka\inz\MDK-ARM\Accel_proj.uvprojx
Project File Date:  11/17/2018

<h2>Output:</h2>
*** Using Compiler 'V5.06 update 5 (build 528)', folder: 'C:\Keil_v5\ARM\ARMCC\Bin'
Rebuild target 'Accel_proj'
assembling startup_stm32l476xx.s...
compiling stm32l4xx_hal_gpio.c...
compiling stm32l4xx_hal_rcc.c...
compiling stm32l4xx_hal_tim_ex.c...
compiling system_stm32l4xx.c...
compiling stm32l4xx_hal_pwr.c...
compiling stm32l4xx_hal_dma.c...
compiling stm32l4xx_hal_tim.c...
compiling stm32l4xx_hal_i2c_ex.c...
compiling stm32l4xx_hal_pwr_ex.c...
compiling stm32l4xx_hal_i2c.c...
compiling stm32l4xx_hal_dma_ex.c...
compiling stm32l4xx_hal.c...
compiling stm32l4xx_hal_flash_ex.c...
compiling stm32l4xx_hal_rcc_ex.c...
compiling stm32l4xx_hal_cortex.c...
compiling stm32l4xx_ll_usb.c...
compiling stm32l4xx_hal_spi_ex.c...
compiling stm32l4xx_hal_flash_ramfunc.c...
compiling stm32l4xx_hal_flash.c...
compiling stm32l4xx_hal_spi.c...
compiling stm32l4xx_hal_pcd.c...
compiling main.c...
../Inc/IMU.h(26): warning:  #1-D: last line of file ends without a newline
  //=====================================================================================================
../Src/main.c(267): warning:  #1035-D: single-precision operand implicitly converted to double-precision
  			ComplementaryData[0]	= atan2f(2.0f * (q0 * q1 + q2 * q3), q0 * q0 - q1 * q1 - q2 * q2 + q3 * q3) * 180.0f / 
I;
../Src/main.c(268): warning:  #1035-D: single-precision operand implicitly converted to double-precision
  			ComplementaryData[1]	= -asinf(2.0f * (q1 * q3 - q0 * q2)) * 180.0f / 
I;
../Src/main.c(269): warning:  #1035-D: single-precision operand implicitly converted to double-precision
  			ComplementaryData[2]		= atan2f(2.0f * (q1 * q2 + q0 * q3), q0 * q0 + q1 * q1 - q2 * q2 - q3 * q3) * 180.0f / 
I;
../Src/main.c(121): warning:  #177-D: variable "Tokens"  was declared but never referenced
  	char* Tokens[MAX_ARGS_NUMBER+1];
../Src/main.c(169): warning:  #177-D: variable "TxBufG"  was declared but never referenced
  	char TxBufA[100], TxBufG[50];
../Src/main.c: 6 warnings, 0 errors
compiling stm32l4xx_hal_pcd_ex.c...
compiling stm32l4xx_hal_msp.c...
compiling gpio.c...
compiling spi.c...
compiling stm32l4xx_it.c...
compiling usbd_cdc_if.c...
compiling usbd_conf.c...
compiling usb_device.c...
compiling usbd_desc.c...
compiling String_Decoder.c...
compiling MadgwickAHRS.c...
compiling IMU.c...
../Inc/IMU.h(26): warning:  #1-D: last line of file ends without a newline
  //=====================================================================================================
..\Src\IMU.c: 1 warning, 0 errors
compiling ComplementaryFilter.c...
..\Src\ComplementaryFilter.c(24): warning:  #1-D: last line of file ends without a newline
  }
..\Src\ComplementaryFilter.c: 1 warning, 0 errors
compiling Quaternion.c...
compiling LSM6DSM_Driver.c...
..\Src\LSM6DSM_Driver.c(253): warning:  #1-D: last line of file ends without a newline
  }
..\Src\LSM6DSM_Driver.c: 1 warning, 0 errors
compiling usbd_core.c...
compiling LSM303AGR_Driver.c...
compiling usbd_ctlreq.c...
compiling usbd_ioreq.c...
compiling usbd_cdc.c...
linking...
Accel_proj\Accel_proj.axf: Warning: L6989W: Could not apply patch sdcomp-29491-629360 to instruction VPOP     {d8-d12} at offset 0x24, instruction is within an IT block and is not the last instruction for sin_i_x.o(i.____kernel_sin$lsc).
Program Size: Code=27952 RO-data=496 RW-data=576 ZI-data=23352  
Finished: 0 information, 1 warning and 0 error messages.
"Accel_proj\Accel_proj.axf" - 0 Error(s), 10 Warning(s).

<h2>Software Packages used:</h2>

Package Vendor: ARM
                http://www.keil.com/pack/ARM.CMSIS.5.3.0.pack
                ARM.CMSIS.5.3.0
                CMSIS (Cortex Microcontroller Software Interface Standard)
   * Component: CORE Version: 5.1.1

Package Vendor: Keil
                http://www.keil.com/pack/Keil.STM32L4xx_DFP.2.0.0.pack
                Keil.STM32L4xx_DFP.2.0.0
                STMicroelectronics STM32L4 Series Device Support, Drivers and Examples

<h2>Collection of Component include folders:</h2>
  .\RTE\_Accel_proj
  C:\Keil_v5\ARM\PACK\ARM\CMSIS\5.3.0\CMSIS\Include
  C:\Keil_v5\ARM\PACK\Keil\STM32L4xx_DFP\2.0.0\Drivers\CMSIS\Device\ST\STM32L4xx\Include

<h2>Collection of Component Files used:</h2>

   * Component: ARM::CMSIS:CORE:5.1.1
Build Time Elapsed:  00:01:47
</pre>
</body>
</html>
