<html>
<body>
<pre>
<h1>µVision Build Log</h1>
<h2>Tool Versions:</h2>
IDE-Version: µVision V5.24.2.0
Copyright (C) 2017 ARM Ltd and ARM Germany GmbH. All rights reserved.
License Information: Adrian N, AGH, LIC=----
 
Tool Versions:
Toolchain:       MDK-Lite  Version: 5.24.1
Toolchain Path:  C:\Keil_v5\ARM\ARMCC\Bin
C Compiler:      Armcc.exe V5.06 update 5 (build 528)
Assembler:       Armasm.exe V5.06 update 5 (build 528)
Linker/Locator:  ArmLink.exe V5.06 update 5 (build 528)
Library Manager: ArmAr.exe V5.06 update 5 (build 528)
Hex Converter:   FromElf.exe V5.06 update 5 (build 528)
CPU DLL:         SARMCM3.DLL V5.24.1
Dialog DLL:      DCM.DLL V1.16.0.0
Target DLL:      STLink\ST-LINKIII-KEIL_SWO.dll V3.0.1.0
Dialog DLL:      TCM.DLL V1.32.0.0
 
<h2>Project:</h2>
D:\AGH\Semestr_7\Inzynierka\first\Accel_proj\MDK-ARM\Accel_proj.uvprojx
Project File Date:  07/26/2018

<h2>Output:</h2>
*** Using Compiler 'V5.06 update 5 (build 528)', folder: 'C:\Keil_v5\ARM\ARMCC\Bin'
Rebuild target 'Accel_proj'
assembling startup_stm32l476xx.s...
compiling stm32l4xx_hal_tim.c...
compiling stm32l4xx_hal_tim_ex.c...
compiling system_stm32l4xx.c...
compiling stm32l4xx_hal_gpio.c...
compiling stm32l4xx_hal_rcc.c...
compiling stm32l4xx_hal_dma.c...
compiling stm32l4xx_hal_pwr.c...
compiling stm32l4xx_hal_i2c_ex.c...
compiling stm32l4xx_hal_i2c.c...
compiling stm32l4xx_hal_dma_ex.c...
compiling stm32l4xx_hal_pwr_ex.c...
compiling stm32l4xx_hal_flash_ex.c...
compiling stm32l4xx_hal.c...
compiling stm32l4xx_hal_cortex.c...
compiling stm32l4xx_hal_rcc_ex.c...
compiling stm32l4xx_hal_pcd.c...
compiling stm32l4xx_hal_flash_ramfunc.c...
compiling main.c...
compiling stm32l4xx_hal_spi.c...
compiling stm32l4xx_hal_pcd_ex.c...
compiling stm32l4xx_hal_spi_ex.c...
compiling stm32l4xx_hal_flash.c...
compiling stm32l4xx_ll_usb.c...
compiling stm32l4xx_hal_msp.c...
compiling usbd_cdc_if.c...
compiling usbd_desc.c...
compiling gpio.c...
compiling stm32l4xx_it.c...
compiling usbd_conf.c...
compiling spi.c...
compiling LSM6DSM_Driver.c...
..\Src\LSM6DSM_Driver.c(208): warning:  #1-D: last line of file ends without a newline
  }
..\Src\LSM6DSM_Driver.c(27): warning:  #177-D: variable "Gyro_Coef"  was declared but never referenced
  static Sens_coef_t Gyro_Coef[] =
..\Src\LSM6DSM_Driver.c: 2 warnings, 0 errors
compiling String_Decoder.c...
compiling usb_device.c...
compiling LSM303AGR_Driver.c...
compiling usbd_ctlreq.c...
compiling usbd_core.c...
compiling usbd_cdc.c...
compiling usbd_ioreq.c...
linking...
Program Size: Code=25404 RO-data=708 RW-data=600 ZI-data=23376  
"Accel_proj\Accel_proj.axf" - 0 Error(s), 2 Warning(s).

<h2>Software Packages used:</h2>

Package Vendor: ARM
                http://www.keil.com/pack/ARM.CMSIS.5.3.0.pack
                ARM.CMSIS.5.3.0
                CMSIS (Cortex Microcontroller Software Interface Standard)
   * Component: CORE Version: 5.1.1

Package Vendor: Keil
                http://www.keil.com/pack/Keil.STM32L4xx_DFP.2.0.0.pack
                Keil.STM32L4xx_DFP.2.0.0
                STMicroelectronics STM32L4 Series Device Support, Drivers and Examples

<h2>Collection of Component include folders:</h2>
  .\RTE\_Accel_proj
  C:\Keil_v5\ARM\PACK\ARM\CMSIS\5.3.0\CMSIS\Include
  C:\Keil_v5\ARM\PACK\Keil\STM32L4xx_DFP\2.0.0\Drivers\CMSIS\Device\ST\STM32L4xx\Include

<h2>Collection of Component Files used:</h2>

   * Component: ARM::CMSIS:CORE:5.1.1
Build Time Elapsed:  00:01:30
</pre>
</body>
</html>
